error: internal compiler error: src/librustc/ty/subst.rs:479: Type parameter `T/#1` (T/1) out of range when substituting (root type=Some(T)) substs=[Self]

